> Task :app:preBuild UP-TO-DATE
> Task :app:preJaspLatestUniversalDebugBuild UP-TO-DATE
> Task :app:mergeJaspLatestUniversalDebugNativeDebugMetadata NO-SOURCE
> Task :android-file-chooser:preBuild UP-TO-DATE
> Task :android-file-chooser:preDebugBuild UP-TO-DATE
> Task :android-file-chooser:generateDebugResValues UP-TO-DATE
> Task :android-file-chooser:generateDebugResources UP-TO-DATE
> Task :android-file-chooser:packageDebugResources UP-TO-DATE
> Task :android-file-chooser:processDebugNavigationResources UP-TO-DATE
> Task :android-file-chooser:parseDebugLocalResources UP-TO-DATE
> Task :android-file-chooser:generateDebugRFile UP-TO-DATE
> Task :android-file-chooser:javaPreCompileDebug UP-TO-DATE
> Task :android-file-chooser:compileDebugJavaWithJavac UP-TO-DATE
> Task :android-file-chooser:bundleLibCompileToJarDebug UP-TO-DATE
> Task :app:generateJaspLatestUniversalDebugBuildConfig UP-TO-DATE
> Task :android-file-chooser:compileDebugLibraryResources UP-TO-DATE
> Task :android-file-chooser:writeDebugAarMetadata UP-TO-DATE
> Task :doubletapplayerview:preBuild UP-TO-DATE
> Task :doubletapplayerview:preDebugBuild UP-TO-DATE
> Task :doubletapplayerview:writeDebugAarMetadata UP-TO-DATE
> Task :app:checkJaspLatestUniversalDebugAarMetadata UP-TO-DATE
> Task :doubletapplayerview:processDebugNavigationResources UP-TO-DATE
> Task :app:processJaspLatestUniversalDebugNavigationResources UP-TO-DATE
> Task :app:compileJaspLatestUniversalDebugNavigationResources UP-TO-DATE
> Task :app:generateJaspLatestUniversalDebugResValues UP-TO-DATE
> Task :doubletapplayerview:generateDebugResValues UP-TO-DATE
> Task :doubletapplayerview:generateDebugResources UP-TO-DATE
> Task :doubletapplayerview:packageDebugResources UP-TO-DATE
> Task :app:mapJaspLatestUniversalDebugSourceSetPaths UP-TO-DATE
> Task :app:generateJaspLatestUniversalDebugResources UP-TO-DATE
> Task :app:mergeJaspLatestUniversalDebugResources UP-TO-DATE
> Task :app:createJaspLatestUniversalDebugCompatibleScreenManifests UP-TO-DATE
> Task :android-file-chooser:extractDeepLinksDebug UP-TO-DATE
> Task :android-file-chooser:processDebugManifest UP-TO-DATE
> Task :app:extractDeepLinksJaspLatestUniversalDebug UP-TO-DATE
> Task :doubletapplayerview:extractDeepLinksDebug UP-TO-DATE
> Task :doubletapplayerview:processDebugManifest UP-TO-DATE
> Task :app:processJaspLatestUniversalDebugMainManifest UP-TO-DATE
> Task :app:processJaspLatestUniversalDebugManifest UP-TO-DATE
> Task :app:processJaspLatestUniversalDebugManifestForPackage UP-TO-DATE
> Task :doubletapplayerview:compileDebugLibraryResources UP-TO-DATE
> Task :doubletapplayerview:parseDebugLocalResources UP-TO-DATE
> Task :doubletapplayerview:generateDebugRFile UP-TO-DATE
> Task :app:processJaspLatestUniversalDebugResources UP-TO-DATE
> Task :doubletapplayerview:javaPreCompileDebug UP-TO-DATE
> Task :doubletapplayerview:compileDebugJavaWithJavac NO-SOURCE
> Task :doubletapplayerview:bundleLibCompileToJarDebug UP-TO-DATE
> Task :app:javaPreCompileJaspLatestUniversalDebug UP-TO-DATE
> Task :android-file-chooser:mergeDebugShaders UP-TO-DATE
> Task :android-file-chooser:compileDebugShaders NO-SOURCE
> Task :android-file-chooser:generateDebugAssets UP-TO-DATE
> Task :android-file-chooser:mergeDebugAssets UP-TO-DATE
> Task :app:mergeJaspLatestUniversalDebugShaders UP-TO-DATE
> Task :app:compileJaspLatestUniversalDebugShaders NO-SOURCE
> Task :app:generateJaspLatestUniversalDebugAssets UP-TO-DATE
> Task :doubletapplayerview:mergeDebugShaders UP-TO-DATE
> Task :doubletapplayerview:compileDebugShaders NO-SOURCE
> Task :doubletapplayerview:generateDebugAssets UP-TO-DATE
> Task :doubletapplayerview:mergeDebugAssets UP-TO-DATE
> Task :app:mergeJaspLatestUniversalDebugAssets UP-TO-DATE
> Task :app:compressJaspLatestUniversalDebugAssets UP-TO-DATE
> Task :app:checkJaspLatestUniversalDebugDuplicateClasses UP-TO-DATE
> Task :app:desugarJaspLatestUniversalDebugFileDependencies UP-TO-DATE
> Task :app:mergeExtDexJaspLatestUniversalDebug UP-TO-DATE
> Task :doubletapplayerview:bundleLibRuntimeToJarDebug UP-TO-DATE
> Task :android-file-chooser:bundleLibRuntimeToJarDebug UP-TO-DATE
> Task :android-file-chooser:processDebugJavaRes NO-SOURCE
> Task :doubletapplayerview:processDebugJavaRes NO-SOURCE
> Task :app:mergeLibDexJaspLatestUniversalDebug UP-TO-DATE
> Task :android-file-chooser:mergeDebugJniLibFolders UP-TO-DATE
> Task :android-file-chooser:mergeDebugNativeLibs NO-SOURCE
> Task :android-file-chooser:copyDebugJniLibsProjectOnly UP-TO-DATE
> Task :app:mergeJaspLatestUniversalDebugJniLibFolders UP-TO-DATE
> Task :doubletapplayerview:mergeDebugJniLibFolders UP-TO-DATE
> Task :doubletapplayerview:mergeDebugNativeLibs NO-SOURCE
> Task :doubletapplayerview:copyDebugJniLibsProjectOnly UP-TO-DATE
> Task :app:mergeJaspLatestUniversalDebugNativeLibs UP-TO-DATE
> Task :app:stripJaspLatestUniversalDebugDebugSymbols UP-TO-DATE
> Task :app:validateSigningJaspLatestUniversalDebug UP-TO-DATE
> Task :app:writeJaspLatestUniversalDebugAppMetadata UP-TO-DATE
> Task :app:writeJaspLatestUniversalDebugSigningConfigVersions UP-TO-DATE

> Task :app:compileJaspLatestUniversalDebugKotlin
w: file:///E:/Stremio%20RPC%20ATV/Player/app/src/main/java/com/brouken/player/FormatSupportManager.kt:70:46 'getter for supportedHdrTypes: IntArray!' is deprecated. Deprecated in Java
w: file:///E:/Stremio%20RPC%20ATV/Player/app/src/main/java/com/brouken/player/FormatSupportManager.kt:94:32 'getter for supportedHdrTypes: IntArray!' is deprecated. Deprecated in Java
w: file:///E:/Stremio%20RPC%20ATV/Player/app/src/main/java/com/brouken/player/FormatSupportManager.kt:275:9 Parameter 'auroChannelMapping' is never used
w: file:///E:/Stremio%20RPC%20ATV/Player/app/src/main/java/com/brouken/player/tmdb/JumpScareManager.kt:96:30 Condition 'player != null' is always 'true'
w: file:///E:/Stremio%20RPC%20ATV/Player/app/src/main/java/com/brouken/player/tmdb/SkipManager.kt:277:40 Parameter 'season' is never used
w: file:///E:/Stremio%20RPC%20ATV/Player/app/src/main/java/com/brouken/player/tonemap/TonemapProcessor.kt:84:41 'getter for supportedHdrTypes: IntArray!' is deprecated. Deprecated in Java
w: file:///E:/Stremio%20RPC%20ATV/Player/app/src/main/java/com/brouken/player/tonemap/TonemapProcessor.kt:113:40 Parameter 'staticInfo' is never used, could be renamed to _
w: file:///E:/Stremio%20RPC%20ATV/Player/app/src/main/java/com/brouken/player/trakt/TraktAuthManager.kt:191:9 Parameter 'currentAccessToken' is never used
w: file:///E:/Stremio%20RPC%20ATV/Player/app/src/main/java/com/brouken/player/trakt/TraktScrobbleManager.kt:291:36 Parameter 'initialProgress' is never used
w: file:///E:/Stremio%20RPC%20ATV/Player/app/src/main/java/com/brouken/player/ui/subtitle/PacmanLoadingView.kt:49:51 'scaledDensity: Float' is deprecated. Deprecated in Java
w: file:///E:/Stremio%20RPC%20ATV/Player/app/src/main/java/com/brouken/player/ui/subtitle/SubtitleAdapter.kt:257:30 Parameter 'icon' is never used
w: file:///E:/Stremio%20RPC%20ATV/Player/app/src/main/java/com/brouken/player/ui/subtitle/SubtitleAdapter.kt:257:44 Parameter 'label' is never used
w: file:///E:/Stremio%20RPC%20ATV/Player/app/src/main/java/com/brouken/player/ui/subtitle/SubtitleAddonsActivity.kt:193:42 'getter for adapterPosition: Int' is deprecated. Deprecated in Java
w: file:///E:/Stremio%20RPC%20ATV/Player/app/src/main/java/com/brouken/player/ui/subtitle/SubtitleAddonsActivity.kt:194:36 'getter for adapterPosition: Int' is deprecated. Deprecated in Java
w: file:///E:/Stremio%20RPC%20ATV/Player/app/src/main/java/com/brouken/player/ui/subtitle/SubtitleAddonsActivity.kt:290:27 Parameter 'addon' is never used
w: file:///E:/Stremio%20RPC%20ATV/Player/app/src/main/java/com/brouken/player/ui/subtitle/SubtitleHub.kt:425:39 Parameter 'track' is never used
w: file:///E:/Stremio%20RPC%20ATV/Player/app/src/main/java/com/brouken/player/update/UpdateActivity.kt:86:15 Parameter 'percent' is never used, could be renamed to _
w: file:///E:/Stremio%20RPC%20ATV/Player/app/src/main/java/com/brouken/player/update/UpdateActivity.kt:86:24 Parameter 'downloaded' is never used, could be renamed to _
w: file:///E:/Stremio%20RPC%20ATV/Player/app/src/main/java/com/brouken/player/update/UpdateActivity.kt:86:36 Parameter 'total' is never used, could be renamed to _
w: file:///E:/Stremio%20RPC%20ATV/Player/app/src/main/java/com/brouken/player/update/UpdateActivity.kt:101:15 'onBackPressed(): Unit' is deprecated. Deprecated in Java
w: file:///E:/Stremio%20RPC%20ATV/Player/app/src/main/java/com/brouken/player/update/UpdateDialogFragment.kt:71:13 Variable 'updateBadge' is never used
w: file:///E:/Stremio%20RPC%20ATV/Player/app/src/main/java/com/brouken/player/utils/DebugLogger.kt:207:17 Parameter 'tag' is never used
w: file:///E:/Stremio%20RPC%20ATV/Player/app/src/main/java/com/brouken/player/utils/NameCleaner.kt:86:20 Unsafe use of a nullable receiver of type String?
w: file:///E:/Stremio%20RPC%20ATV/Player/app/src/main/java/com/brouken/player/utils/NameCleaner.kt:87:22 Unsafe use of a nullable receiver of type String?
w: file:///E:/Stremio%20RPC%20ATV/Player/app/src/main/java/com/brouken/player/utils/NameCleaner.kt:88:23 Unsafe use of a nullable receiver of type String?
w: file:///E:/Stremio%20RPC%20ATV/Player/app/src/main/java/com/brouken/player/utils/NameCleaner.kt:93:24 Unsafe use of a nullable receiver of type String?
w: file:///E:/Stremio%20RPC%20ATV/Player/app/src/main/java/com/brouken/player/utils/NameCleaner.kt:94:26 Unsafe use of a nullable receiver of type String?
w: file:///E:/Stremio%20RPC%20ATV/Player/app/src/main/java/com/brouken/player/utils/NameCleaner.kt:95:27 Unsafe use of a nullable receiver of type String?
w: file:///E:/Stremio%20RPC%20ATV/Player/app/src/main/java/com/brouken/player/utils/NameCleaner.kt:101:28 Unsafe use of a nullable receiver of type String?
w: file:///E:/Stremio%20RPC%20ATV/Player/app/src/main/java/com/brouken/player/utils/NameCleaner.kt:102:31 Unsafe use of a nullable receiver of type String?
w: file:///E:/Stremio%20RPC%20ATV/Player/app/src/main/java/com/brouken/player/utils/NameCleaner.kt:110:32 Unsafe use of a nullable receiver of type String?
w: file:///E:/Stremio%20RPC%20ATV/Player/app/src/main/java/com/brouken/player/utils/NameCleaner.kt:111:35 Unsafe use of a nullable receiver of type String?
w: file:///E:/Stremio%20RPC%20ATV/Player/app/src/main/java/com/brouken/player/utils/NameCleaner.kt:119:49 Unsafe use of a nullable receiver of type String?
w: file:///E:/Stremio%20RPC%20ATV/Player/app/src/main/java/com/brouken/player/utils/NameCleaner.kt:120:47 Unsafe use of a nullable receiver of type String?
w: file:///E:/Stremio%20RPC%20ATV/Player/app/src/main/java/com/brouken/player/utils/NameCleaner.kt:128:44 Unsafe use of a nullable receiver of type String?
w: file:///E:/Stremio%20RPC%20ATV/Player/app/src/main/java/com/brouken/player/utils/NameCleaner.kt:152:34 Unsafe use of a nullable receiver of type String?
w: file:///E:/Stremio%20RPC%20ATV/Player/app/src/main/java/com/brouken/player/utils/NameCleaner.kt:156:24 Unsafe use of a nullable receiver of type String?
w: file:///E:/Stremio%20RPC%20ATV/Player/app/src/main/java/com/brouken/player/utils/NameFixer.kt:15:24 Unsafe use of a nullable receiver of type String?
w: file:///E:/Stremio%20RPC%20ATV/Player/app/src/main/java/com/brouken/player/utils/NameFixer.kt:16:26 Unsafe use of a nullable receiver of type String?
w: file:///E:/Stremio%20RPC%20ATV/Player/app/src/main/java/com/brouken/player/utils/NameFixer.kt:17:27 Unsafe use of a nullable receiver of type String?
w: file:///E:/Stremio%20RPC%20ATV/Player/app/src/main/java/com/brouken/player/utils/NameFixer.kt:25:25 Unsafe use of a nullable receiver of type String?
w: file:///E:/Stremio%20RPC%20ATV/Player/app/src/main/java/com/brouken/player/utils/NameFixer.kt:26:26 Unsafe use of a nullable receiver of type String?
w: file:///E:/Stremio%20RPC%20ATV/Player/app/src/main/java/com/brouken/player/utils/NameFixer.kt:27:27 Unsafe use of a nullable receiver of type String?
w: file:///E:/Stremio%20RPC%20ATV/Player/app/src/main/java/com/brouken/player/utils/RemoteServer.kt:39:9 This is a delicate API and its use requires care. Make sure you fully read and understand documentation of the declaration that is marked as a delicate API.
w: file:///E:/Stremio%20RPC%20ATV/Player/app/src/main/java/com/brouken/player/utils/RemoteServer.kt:65:9 This is a delicate API and its use requires care. Make sure you fully read and understand documentation of the declaration that is marked as a delicate API.

> Task :app:compileJaspLatestUniversalDebugJavaWithJavac
.\gradlew : Note: 
Some input files use 
or override a 
deprecated API.
At line:1 char:1
+ .\gradlew assembleJa
spLatestUniversalDebug
 2>&1 | Out-File 
-FilePath  ...
+ ~~~~~~~~~~~~~~~~~~~~
~~~~~~~~~~~~~~~~~~~~~~
~~~~~
    + CategoryInfo    
          : NotSpeci  
  fied: (Note: Some   
  inpu...deprecate    
d API.:String) []    
, RemoteException
    + FullyQualifiedE 
   rrorId : NativeCo  
  mmandError
 
Note: Recompile with 
-Xlint:deprecation 
for details.
Note: E:\Stremio RPC A
TV\Player\app\src\main
\java\com\brouken\play
er\Prefs.java uses 
unchecked or unsafe 
operations.
Note: Recompile with 
-Xlint:unchecked for 
details.

> Task :app:dexBuilderJaspLatestUniversalDebug
> Task :app:mergeJaspLatestUniversalDebugGlobalSynthetics UP-TO-DATE
> Task :app:processJaspLatestUniversalDebugJavaRes
> Task :app:mergeProjectDexJaspLatestUniversalDebug
> Task :app:mergeJaspLatestUniversalDebugJavaResource
> Task :app:packageJaspLatestUniversalDebug
> Task :app:createJaspLatestUniversalDebugApkListingFileRedirect
> Task :app:assembleJaspLatestUniversalDebug

[Incubating] Problems report is available at: file:///E:/Stremio%20RPC%20ATV/Player/build/reports/problems/problems-report.html

Deprecated Gradle features were used in this build, making it incompatible with Gradle 9.0.

You can use '--warning-mode all' to show the individual deprecation warnings and determine if they come from your own scripts or plugins.

For more on this, please refer to https://docs.gradle.org/8.13/userguide/command_line_interface.html#sec:command_line_warnings in the Gradle documentation.

BUILD SUCCESSFUL in 38s
72 actionable tasks: 8 executed, 64 up-to-date
